#target_contig	stx_type	operon	identity	target_start	target_stop	target_strand	A_reference	A_reference_subtype	A_identity	A_coverage	B_reference	B_reference_subtype	B_identity	B_coverage
partial	stx2	PARTIAL	99.41	27	1048	+	AAA16362.1	stxA2c	99.19	77.19	AAS07607.1	stxB2a	100.00	100.00
partial_contig_end	stx2	PARTIAL_CONTIG_END	100.00	3	661	-	AAA16362.1	stxA2c	100.00	58.44	AAM70046.1	stxB2a	100.00	32.22
stx1a	stx1a	COMPLETE	100.00	218	1444	+	AAA98347.1	stxA1a	100.00	100.00	AAA71894.1	stxB1a	100.00	100.00
stx2_fs	stx2	FRAMESHIFT	99.15	2165	3232	+	AAG01033.1	stxA2c	98.87	82.19	AAA16363.1	stxB2c	100.00	100.00
stx2_novel	stx2	COMPLETE_NOVEL	99.76	216	1456	+	AAA19623.1	stxA2	99.69	100.00	AAA16363.1	stxB2c	100.00	100.00
stx2_stop	stx2	INTERNAL_STOP	NA	694	1635	+	WAK53220.1	stxA2n	100.00	100.00	NA	NA	NA	NA
stx2c	stx2c	COMPLETE	100.00	1298	2538	-	AAS07596.1	stxA2	100.00	100.00	AAA16363.1	stxB2c	100.00	100.00
