#target_contig	stx_type	operon	identity	target_start	target_stop	target_strand	A_reference	A_reference_subtype	A_identity	A_coverage	B_reference	B_reference_subtype	B_identity	B_coverage
stx1-S.-sonnei-CB7888:10:AJ279086	stx1a	COMPLETE	100.00	1	1227	+	AAA98347.1	stxA1a	100.00	100.00	AAA71894.1	stxB1a	100.00	100.00
stx1a-O111-04-06263:8:AM230663	stx1a	COMPLETE	100.00	1	1227	+	CAJ76692.1	stxA1a	100.00	100.00	AAA71894.1	stxB1a	100.00	100.00
stx1a-O111-3385-00:9:AM230662	stx1a	COMPLETE	100.00	1	1227	+	CAJ76690.1	stxA1a	100.00	100.00	AAA71894.1	stxB1a	100.00	100.00
stx1a-O111-CB168:5:Z36900	stx1a	COMPLETE	100.00	1	1227	+	CAA85368.1	stxA1a	100.00	100.00	AAA71894.1	stxB1a	100.00	100.00
stx1a-O111-PH:4:L04539	stx1a	COMPLETE	100.00	1	1227	+	AAA71893.1	stxA1a	100.00	100.00	AAA71894.1	stxB1a	100.00	100.00
stx1a-O157-AI2001-52:6:AB083044	stx1a	COMPLETE	100.00	1	1227	+	BAC78639.1	stxA1a	100.00	100.00	BAC78640.1	stxB1a	100.00	100.00
stx1a-O157-EDL933:13:M19473	stx1a	COMPLETE	100.00	1	1227	+	AAA98151.1	stxA1a	100.00	100.00	AAA71894.1	stxB1a	100.00	100.00
stx1a-O157-FLY16:12:AF461168	stx1a	COMPLETE	100.00	1	1227	+	AAA98347.1	stxA1a	100.00	100.00	AAA71894.1	stxB1a	100.00	100.00
stx1a-O157-GPU96MM:7:AB035142	stx1a	COMPLETE	100.00	1	1227	+	AAA98347.1	stxA1a	100.00	100.00	AAA71894.1	stxB1a	100.00	100.00
stx1a-O165-HI-2:14:AB048232	stx1a	COMPLETE	100.00	1	1227	+	AAA98347.1	stxA1a	100.00	100.00	AAA71894.1	stxB1a	100.00	100.00
stx1a-O48-94C:11:Z36899	stx1a	COMPLETE	100.00	1	1227	+	CAA85366.1	stxA1a	100.00	100.00	AAA71894.1	stxB1a	100.00	100.00
stx1a-ONT-HI-A:15:AB071620	stx1a	COMPLETE	99.51	1	1227	+	UIU88878.1	stxA1a	99.37	100.00	BAC10988.1	stxB1a	100.00	100.00
stx1c-O174-DG131-3:20:Z36901	stx1	PARTIAL_CONTIG_END	NA	1	948	+	CAA85370.1	stxA1c	100.00	100.00	NA	NA	NA	NA
stx1c-ONT-BCN26:19:DQ449666	stx1	PARTIAL_CONTIG_END	NA	1	948	+	CAA85370.1	stxA1c	100.00	100.00	NA	NA	NA	NA
stx1c-ONT-HI-B:17:AB071622	stx1	PARTIAL_CONTIG_END	NA	1	948	+	CAA85370.1	stxA1c	98.73	100.00	NA	NA	NA	NA
stx1c-ONT-HI-C:18:AB071624	stx1	PARTIAL_CONTIG_END	NA	1	948	+	CAA85370.1	stxA1c	100.00	100.00	NA	NA	NA	NA
stx1c-Out-HI-N:16:AB048237	stx1c	COMPLETE	100.00	1	1228	+	BAB83022.1	stxA1c	100.00	100.00	BAB83023.1	stxB1c	100.00	100.00
stx1d-ONT-92-1251:21:AB050958	stx1	PARTIAL_CONTIG_END	NA	1	948	+	AAO19475.1	stxA1d	100.00	100.00	NA	NA	NA	NA
stx1d-ONT-92-1252:22:AB050959	stx1d	COMPLETE	100.00	1	1227	+	AAO19475.1	stxA1d	100.00	100.00	AAO19476.1	stxB1d	100.00	100.00
stx1d-ONT-AB8SF:23:AY986980	stx1d	COMPLETE	100.00	1	1227	+	AAO19475.1	stxA1d	100.00	100.00	AAO19476.1	stxB1d	100.00	100.00
stx1d-ONT-MHI813:24:AY170851	stx1d	COMPLETE	100.00	1	1227	+	AAO19475.1	stxA1d	100.00	100.00	AAO19476.1	stxB1d	100.00	100.00
stx1e-E.-cloacae-M12X01451:25:KF926684	stx1e	COMPLETE	100.00	1	1227	+	AHJ80155.1	stxA1e	100.00	100.00	AHJ80154.1	stxB1e	100.00	100.00
stx2:1:FM998851:1	stx2a	COMPLETE	100.00	1	1241	+	AAA19623.1	stxA2	100.00	100.00	AAM90978.1	stxB2a	100.00	100.00
stx2a-A.-haemolyticus:28:DQ344636:28	stx2a	COMPLETE	100.00	8	1248	+	ABC67318.2	stxA2a	100.00	100.00	AAS07607.1	stxB2a	100.00	100.00
stx2a-E.-cloacae-95MV2:12:Z50754:12	stx2a	COMPLETE	100.00	1	1241	+	CAA90630.1	stxA2a	100.00	100.00	AAM90978.1	stxB2a	100.00	100.00
stx2a-O104-G5506:18:EF441619:18	stx2a	COMPLETE	100.00	1	1241	+	AAM22256.1	stxA2	100.00	100.00	ABR09963.1	stxB2a	100.00	100.00
stx2a-O111-928-91:29:EF441609:29	stx2a	COMPLETE	100.00	1	1241	+	AAA19623.1	stxA2	100.00	100.00	ABR09945.1	stxB2a	100.00	100.00
stx2a-O113-CL-3:32:EF441618:32	stx2a	COMPLETE	100.00	1	1241	+	AAA19623.1	stxA2	100.00	100.00	ABR09961.1	stxB2a	100.00	100.00
stx2a-O136-VTB60:27:AY633471:27	stx2a	COMPLETE	100.00	1	1241	+	AAS07596.1	stxA2	100.00	100.00	AAS07607.1	stxB2a	100.00	100.00
stx2a-O157-93-111:30:EF441599:30	stx2a	COMPLETE	100.00	1	1241	+	AAA19623.1	stxA2	100.00	100.00	ABR09925.1	stxB2a	100.00	100.00
stx2a-O157-A397:25:AY633472:25	stx2a	COMPLETE	100.00	1	1241	+	AAT66010.1	stxA2a	100.00	100.00	AAT66011.1	stxB2	100.00	100.00
stx2a-O157-EDL933:31:X07865:31	stx2a	COMPLETE	100.00	1	1241	+	AAA19623.1	stxA2	100.00	100.00	AAS07607.1	stxB2a	100.00	100.00
stx2a-O157-I6581:26:EF441613:26	stx2a	COMPLETE	100.00	1	1241	+	AAA19623.1	stxA2	100.00	100.00	AAT66011.1	stxB2	100.00	100.00
stx2a-O157-SF-258-98:15:AF524944:15	stx2a	COMPLETE	100.00	1	1241	+	AAM90977.1	stxA2	100.00	100.00	AAM90978.1	stxB2a	100.00	100.00
stx2a-O178-TS22-08:16:FM998856:16	stx2a	COMPLETE	100.00	1	1241	+	AAM90977.1	stxA2	100.00	100.00	CAX45739.1	stxB2a	100.00	100.00
stx2a-O22-EBC217:2:AY443054:2	stx2a	COMPLETE	100.00	1	1241	+	AAS07600.1	stxA2	100.00	100.00	AAM90978.1	stxB2a	100.00	100.00
stx2a-O26-126814:14:AJ272135:14	stx2a	COMPLETE	100.00	1	1241	+	AAM90977.1	stxA2	100.00	100.00	CAB94149.1	stxB2a	100.00	100.00
stx2a-O26-FD930:23:AF461173:23	stx2a	COMPLETE	100.00	1	1241	+	AAM70045.1	stxA2a	100.00	100.00	AAM70046.1	stxB2a	100.00	100.00
stx2a-O48-94C:10:Z37725:10	stx2a	COMPLETE	100.00	1	1241	+	AAM90977.1	stxA2	100.00	100.00	AAM90978.1	stxB2a	100.00	100.00
stx2a-O8-BMH-17-0027:130:MZ229605:130	stx2a	COMPLETE	100.00	1	1241	+	QZL10984.1	stxA2a	100.00	100.00	QZL10985.1	stxB2	100.00	100.00
stx2a-O8-VTB178:19:AY633459:19	stx2a	COMPLETE	100.00	1	1241	+	AAM22256.1	stxA2	100.00	100.00	AAM90978.1	stxB2a	100.00	100.00
stx2a-O83-N1135:20:GQ429170:20	stx2a	COMPLETE	100.00	1	1241	+	AAA19623.1	stxA2	100.00	100.00	AAM90978.1	stxB2a	100.00	100.00
stx2a-O88-N2688:5:GQ429163:5	stx2a	COMPLETE	100.00	1	1241	+	AAA19623.1	stxA2	100.00	100.00	AAM90978.1	stxB2a	100.00	100.00
stx2a-ONT-23765:3:GQ429162:3	stx2a	COMPLETE	100.00	1	1241	+	ACU32684.1	stxA2a	100.00	100.00	AAM90978.1	stxB2a	100.00	100.00
stx2a-ONT-EBC210:22:AY443057:22	stx2a	COMPLETE	100.00	1	1241	+	AAS07606.1	stxA2a	100.00	100.00	AAS07607.1	stxB2a	100.00	100.00
stx2a-ONT-EK9900:21:AF461171:21	stx2a	COMPLETE	100.00	1	1241	+	AAA19623.1	stxA2	100.00	100.00	AAS07607.1	stxB2a	100.00	100.00
stx2b-O111-PH:96:L11078:96	stx2b	COMPLETE	100.00	1	1236	+	CAA46767.1	stxA2b	100.00	100.00	CAA46768.1	stxB2b	100.00	100.00
stx2b-O111-S-1:88:AB012101:88	stx2b	COMPLETE	100.00	1	1242	+	BAA77749.1	stxA2b	100.00	100.00	ABR10025.1	stxB2b	100.00	100.00
stx2b-O111-S-3:86:AB048223:86	stx2b	COMPLETE	100.00	1	1242	+	BAB82994.1	stxA2b	100.00	100.00	ABR10025.1	stxB2b	100.00	100.00
stx2b-O118-EH250:92:AF043627:92	stx2b	COMPLETE	100.00	1	1236	+	AAD12174.1	stxA2b	100.00	100.00	AAA16361.1	stxB2b	100.00	100.00
stx2b-O128-24196-97:95:AJ567995:95	stx2b	COMPLETE	100.00	1	1236	+	CAA46767.1	stxA2b	100.00	100.00	AAA16361.1	stxB2b	100.00	100.00
stx2b-O146-BMH-17-0036:131:MZ229607:131	stx2b	COMPLETE	100.00	1	1236	+	QZL10988.1	stxA2b	100.00	100.00	AAA16361.1	stxB2b	100.00	100.00
stx2b-O174-031:97:X65949:97	stx2b	COMPLETE	100.00	1	1236	+	CAC48396.1	stxA2b	100.00	100.00	AAA16361.1	stxB2b	100.00	100.00
stx2b-O22-3143-97:91:AJ313015:91	stx2b	COMPLETE	100.00	1	1236	+	AAA16360.1	stxA2b	100.00	100.00	AAA16361.1	stxB2b	100.00	100.00
stx2b-O40-5293-98:93:AJ567997:93	stx2b	COMPLETE	100.00	1	1236	+	BAB83004.1	stxA2b	100.00	100.00	AAA16361.1	stxB2b	100.00	100.00
stx2b-O8-S-9:83:AB048228:83	stx2b	COMPLETE	100.00	1	1242	+	BAB83004.1	stxA2b	100.00	100.00	BAB83005.1	stxB2b	100.00	100.00
stx2b-O93-S-5:85:AB048224:85	stx2b	COMPLETE	100.00	1	1242	+	BAB83004.1	stxA2b	100.00	100.00	ABR10025.1	stxB2b	100.00	100.00
stx2b-O96-S-10:87:AB048229:87	stx2b	COMPLETE	100.00	1	1242	+	BAB82998.1	stxA2b	100.00	100.00	BAB83007.1	stxB2b	100.00	100.00
stx2b-O96-S-6:90:AB048225:90	stx2b	COMPLETE	100.00	1	1242	+	BAB82998.1	stxA2b	100.00	100.00	ABR10025.1	stxB2b	100.00	100.00
stx2b-O96-S-7:89:AB048226:89	stx2b	COMPLETE	100.00	1	1242	+	BAB83000.1	stxA2b	100.00	100.00	ABR10025.1	stxB2b	100.00	100.00
stx2b-ONT-I7606:94:EF441616:94	stx2b	COMPLETE	100.00	1	1242	+	ABR10024.1	stxA2b	100.00	100.00	ABR10025.1	stxB2b	100.00	100.00
stx2b-Out-HI-N:84:AB048238:84	stx2b	COMPLETE	100.00	1	1242	+	BAB83024.1	stxA2b	100.00	100.00	ABR10025.1	stxB2b	100.00	100.00
stx2b-Out-S-4:82:AB012102:82	stx2b	COMPLETE	100.00	1	1242	+	BAA77751.1	stxA2b	100.00	100.00	ABR10025.1	stxB2b	100.00	100.00
stx2c-O157-020324:47:AY739671:47	stx2c	COMPLETE	99.27	1	1230	+	AAS07596.1	stxA2	99.06	100.00	AAA16363.1	stxB2c	100.00	100.00
stx2c-O157-310:45:AY633467:45	stx2c	COMPLETE	100.00	1	1241	+	AAT66000.1	stxA2c	100.00	100.00	AAA16363.1	stxB2c	100.00	100.00
stx2c-O157-469:43:AY633473:43	stx2c	COMPLETE	100.00	1	1241	+	AAT66012.1	stxA2c	100.00	100.00	AAA16363.1	stxB2c	100.00	100.00
stx2c-O157-A75:44:AY633453:44	stx2c	COMPLETE	100.00	1	1241	+	AAT65972.1	stxA2c	100.00	100.00	AAA16363.1	stxB2c	100.00	100.00
stx2c-O157-C394-03:48:DQ235774:48	stx2c	COMPLETE	100.00	1	1241	+	ABB36584.1	stxA2c	100.00	100.00	AAA16363.1	stxB2c	100.00	100.00
stx2c-O157-E32511:36:M59432:36	stx2c	COMPLETE	100.00	1	1241	+	AAA19623.1	stxA2	100.00	100.00	AAA16363.1	stxB2c	100.00	100.00
stx2c-O157-FLY16:52:AB015057:52	stx2c	COMPLETE	100.00	1	1241	+	AAS07596.1	stxA2	100.00	100.00	AAA16363.1	stxB2c	100.00	100.00
stx2c-O157-G5101:33:EF441604:33	stx2c	COMPLETE	100.00	1	1241	+	ABR09934.1	stxA2	100.00	100.00	ABR09935.1	stxB2	100.00	100.00
stx2c-O157-V20:49:AB071845:49	stx2c	COMPLETE	100.00	1	1241	+	BAB68369.1	stxA2c	100.00	100.00	AAA16363.1	stxB2c	100.00	100.00
stx2c-O157-Y350-:51:AF291819:51	stx2c	COMPLETE	100.00	1	1241	+	AAG01033.1	stxA2c	100.00	100.00	AAA16363.1	stxB2c	100.00	100.00
stx2c-O171-EBC287:53:AY443045:53	stx2c	COMPLETE	100.00	1	1241	+	AAS07582.1	stxA2	100.00	100.00	AAA16363.1	stxB2c	100.00	100.00
stx2c-O171-VTB46:54:AY633470:54	stx2c	COMPLETE	100.00	1	1241	+	AAS07596.1	stxA2	100.00	100.00	AAA16363.1	stxB2c	100.00	100.00
stx2c-O174-031:35:L11079:35	stx2c	COMPLETE	100.00	1	1241	+	AAA16362.1	stxA2c	100.00	100.00	AAA16363.1	stxB2c	100.00	100.00
stx2c-O177-06-5121:40:EU086525:40	stx2c	COMPLETE	100.00	1	1241	+	ABU55302.1	stxA2	100.00	100.00	AAA16363.1	stxB2c	100.00	100.00
stx2c-O177-CB7126:37:FM177471:37	stx2c	COMPLETE	100.00	1	1241	+	CAQ68302.1	stxA2	100.00	100.00	AAA16363.1	stxB2c	100.00	100.00
stx2c-ONT-EBC219:39:AY443043:39	stx2c	COMPLETE	100.00	1	1241	+	AAS07578.1	stxA2c	100.00	100.00	AAA16363.1	stxB2c	100.00	100.00
stx2c-ONT-EBC289:55:AY443049:55	stx2c	COMPLETE	100.00	1	1241	+	AAS07590.1	stxA2c	100.00	100.00	AAA16363.1	stxB2c	100.00	100.00
stx2c-OR-TS27-08:56:FM998860:56	stx2c	COMPLETE	100.00	1	1241	+	CAX45746.1	stxA2c	100.00	100.00	AAA16363.1	stxB2c	100.00	100.00
stx2d-O103-CVM9322:71:EU816447:71	stx2d	COMPLETE	100.00	1	1241	+	AAM22256.1	stxA2	100.00	100.00	AAA16363.1	stxB2c	100.00	100.00
stx2d-O113-TS03-07:66:FM99884:66	stx2d	COMPLETE	100.00	1	1241	+	CAX45706.1	stxA2d	100.00	100.00	AAA16363.1	stxB2c	100.00	100.00
stx2d-O113-TS21-08:81:FM998855:81	stx2d	COMPLETE	100.00	1	1241	+	AAN77057.1	stxA2d	100.00	100.00	CAX45737.1	stxB2d	100.00	100.00
stx2d-O157-7279:72:X61283:72	stx2d	COMPLETE	100.00	1	1241	+	CAA43585.1	stxA2d	100.00	100.00	AAA16363.1	stxB2c	100.00	100.00
stx2d-O174-EC1720a:38:AF500189:38	stx2d	COMPLETE	100.00	1	1241	+	AAN77057.1	stxA2d	100.00	100.00	AAA16363.1	stxB2c	100.00	100.00
stx2d-O174-EC173b:67:AF500190:67	stx2d	COMPLETE	100.00	1	1241	+	AAM22256.1	stxA2	100.00	100.00	AAA16363.1	stxB2c	100.00	100.00
stx2d-O2-EC604a:76:AF500192:76	stx2d	COMPLETE	100.00	1	1241	+	AAN77063.1	stxA2d	100.00	100.00	AAK66973.1	stxB2d	100.00	100.00
stx2d-O22-KY-O19:79:SNS:79	stx2d	COMPLETE	100.00	1	1241	+	AAM22256.1	stxA2	100.00	100.00	CAX45737.1	stxB2d	100.00	100.00
stx2d-O28-MT71:77:AY095209:77	stx2d	COMPLETE	100.00	1	1241	+	AAM22256.1	stxA2	100.00	100.00	AAK66973.1	stxB2d	100.00	100.00
stx2d-O55-5905:73:EF441605:73	stx2d	COMPLETE	100.00	1	1241	+	ABR09936.1	stxA2d	100.00	100.00	ABR09937.1	stxB2	100.00	100.00
stx2d-O6-NV206:75:AF329817:75	stx2d	COMPLETE	100.00	1	1241	+	AAK66972.1	stxA2d	100.00	100.00	AAK66973.1	stxB2d	100.00	100.00
stx2d-O73-C165-02:78:DQ059012:78	stx2d	COMPLETE	100.00	1	1241	+	AAY63864.1	stxA2d	100.00	100.00	AAY63865.1	stxB2	100.00	100.00
stx2d-O8-C466-01B:68:DQ235775:68	stx2d	COMPLETE	100.00	1	1241	+	ABB36586.1	stxA2	100.00	100.00	AAA16363.1	stxB2c	100.00	100.00
stx2d-ONT-EBC275:57:AY443047:57	stx2d	COMPLETE	100.00	1	1241	+	AAS07586.1	stxA2d	100.00	100.00	AAA16363.1	stxB2c	100.00	100.00
stx2d-ONT-EC1871a:64:AF500191:64	stx2d	COMPLETE	100.00	1	1241	+	AAN77061.1	stxA2d	100.00	100.00	AAA16363.1	stxB2c	100.00	100.00
stx2d-OR-TS06-08:63:FM998848:63	stx2d	COMPLETE	100.00	1	1241	+	AAM22256.1	stxA2	100.00	100.00	AAA16363.1	stxB2c	100.00	100.00
stx2d-c.-freundii-LM76:70:AY739671:70	stx2d	COMPLETE	99.27	1	1244	+	CAA43585.1	stxA2d	99.07	100.00	AAA16363.1	stxB2c	100.00	100.00
stx2d1-O91-B2F1:58:AF479828:58	stx2d	COMPLETE	100.00	1	1241	+	AAM88302.1	stxA2d	100.00	100.00	AAA16363.1	stxB2c	100.00	100.00
stx2d2-O91-B2F1:69:AF479829:69	stx2d	COMPLETE	99.51	1	1241	+	AAM22256.1	stxA2	99.69	100.00	AAA16363.1	stxB2c	98.89	100.00
stx2e-O100-TS01-07:118:FM998838:118	stx2e	COMPLETE	100.00	1	1235	+	CAX45702.1	stxA2e	100.00	100.00	AAA19190.1	stxB2e	100.00	100.00
stx2e-O101-CB10394:117:AM939642:117	stx2e	COMPLETE	100.00	1	1236	+	CAC48398.1	stxA2e	100.00	100.00	AAA19190.1	stxB2e	100.00	100.00
stx2e-O101-E-D42:106:X81418:106	stx2e	COMPLETE	100.00	1	1236	+	CAA57177.1	stxA2e	100.00	100.00	AAA19190.1	stxB2e	100.00	100.00
stx2e-O101-E-D43:111:X81417:111	stx2e	COMPLETE	100.00	1	1236	+	CAA57175.1	stxA2e	100.00	100.00	AAA19190.1	stxB2e	100.00	100.00
stx2e-O101-E-D53:113:X81416:113	stx2e	COMPLETE	100.00	1	1236	+	CAA57173.1	stxA2e	100.00	100.00	AAA19190.1	stxB2e	100.00	100.00
stx2e-O101-E-D68:112:X81415:112	stx2e	COMPLETE	100.00	1	1236	+	CAA57171.1	stxA2e	100.00	100.00	AAA19190.1	stxB2e	100.00	100.00
stx2e-O121-NP9621:119:AY332411:119	stx2e	COMPLETE	100.00	1	1236	+	AAQ17546.1	stxA2e	100.00	100.00	AAA19190.1	stxB2e	100.00	100.00
stx2e-O138-NN:116:AY368993:116	stx2e	COMPLETE	100.00	1	1236	+	CAC48398.1	stxA2e	100.00	100.00	AAA19190.1	stxB2e	100.00	100.00
stx2e-O139-S1191:110:M21534:110	stx2e	COMPLETE	100.00	1	1236	+	AAA19189.1	stxA2e	100.00	100.00	AAA19190.1	stxB2e	100.00	100.00
stx2e-O22-3615-99:107:AJ313016:107	stx2e	COMPLETE	100.00	1	1236	+	CAC48398.1	stxA2e	100.00	100.00	AAA19190.1	stxB2e	100.00	100.00
stx2e-O26-R107:109:U72191:109	stx2e	COMPLETE	100.00	1	1236	+	AAC45964.1	stxA2e	100.00	100.00	AAC45965.1	stxB2e	100.00	100.00
stx2e-O8-1509W52833:136:unpublished:136	stx2e	COMPLETE	99.51	1	1236	+	CAB77169.2	stxA2e	99.38	100.00	AAA19190.1	stxB2e	100.00	100.00
stx2e-O89-1810F65304:137:unpublished:137	stx2e	COMPLETE	99.75	1	1236	+	CAC48398.1	stxA2e	99.69	100.00	AAA19190.1	stxB2e	100.00	100.00
stx2e-O9-1706T56070:138:unpublished:138	stx2e	COMPLETE	99.75	1	1236	+	CAC48398.1	stxA2e	99.69	100.00	AAA19190.1	stxB2e	100.00	100.00
stx2e-ONT-26725-97:120:AJ567998:120	stx2e	COMPLETE	100.00	1	1236	+	CAC48398.1	stxA2e	100.00	100.00	AAA19190.1	stxB2e	100.00	100.00
stx2e-ONT-2771:121:AJ249351:121	stx2e	COMPLETE	100.00	1	1236	+	CAB77169.2	stxA2e	100.00	100.00	AAA19190.1	stxB2e	100.00	100.00
stx2e-ONT-TS03-08:115:FM998846:115	stx2e	COMPLETE	100.00	1	1236	+	CAX45718.1	stxA2e	100.00	100.00	AAA19190.1	stxB2e	100.00	100.00
stx2e-ONT-TS29-08:114:FN182286:114	stx2e	COMPLETE	100.00	1	1236	+	CAX51714.1	stxA2e	100.00	100.00	AAA19190.1	stxB2e	100.00	100.00
stx2e-OR-TS09-07:108:FM998844:108	stx2e	COMPLETE	100.00	1	1236	+	CAX45714.1	stxA2e	100.00	100.00	AAA19190.1	stxB2e	100.00	100.00
stx2f-O115-F08-101-31:103:AB472687:103	stx2f	COMPLETE	100.00	1	1236	+	BAH86759.1	stxA2f	100.00	100.00	BAH86760.1	stxB2f	100.00	100.00
stx2f-O128-HI8:105:M29153:105	stx2f	COMPLETE	100.00	1	1236	+	AAA24632.1	stxA2f	100.00	100.00	AAA24633.1	stxB2f	100.00	100.00
stx2f-O128-T4-97:104:AJ010730:104	stx2f	COMPLETE	100.00	1	1236	+	CAB64953.1	stxA2f	100.00	100.00	AAA24633.1	stxB2f	100.00	100.00
stx2g-O2-7v:100:AY286000:100	stx2g	COMPLETE	100.00	1	1242	+	AAP37403.1	stxA2g	100.00	100.00	AAP37404.1	stxB2g	100.00	100.00
stx2g-O2-HI-11:101:AB048236:101	stx2g	COMPLETE	100.00	1	1242	+	BAB83020.1	stxA2g	100.00	100.00	AAP37404.1	stxB2g	100.00	100.00
stx2g-O2-S86:102:AJ966783:102	stx2g	COMPLETE	100.00	1	1242	+	CAI91198.1	stxA2g	100.00	100.00	AAP37404.1	stxB2g	100.00	100.00
stx2g-Out-S-8:99:AB048227:99	stx2g	COMPLETE	100.00	1	1242	+	BAB83002.1	stxA2g	100.00	100.00	AAP37404.1	stxB2g	100.00	100.00
stx2h-O102-STEC299:122:CP022279:122	stx2h	COMPLETE	100.00	1	1236	+	AUM09788.1	stxA2h	100.00	100.00	AUM09787.1	stxB2h	100.00	100.00
stx2i-O9-CB10366:123:FN252457:123	stx2i	COMPLETE	100.00	1	1242	+	CAX53241.1	stxA2i	100.00	100.00	CAX53242.1	stxB2i	100.00	100.00
stx2j-O101-2012C-4221:125:CP027437:125	stx2j	COMPLETE	100.00	1	1234	+	WP_106905859.1	stxA2j	100.00	100.00	EED0303793.1	stxB2j	100.00	100.00
stx2j-O33-PNUSAE005447:124:MZ571121:124	stx2j	COMPLETE	100.00	1	1234	+	QZN05543.1	stxA2j	100.00	100.00	EED0303793.1	stxB2j	100.00	100.00
stx2k-O159-12GZSW01:126:KC339670:126	stx2k	COMPLETE	100.00	1	1241	+	AGB13719.2	stxA2k	100.00	100.00	AGB13720.2	stxB2	100.00	100.00
stx2k-O48-STEC309:135:CP041435:135	stx2k	COMPLETE	100.00	1	1241	+	QHR28667.1	stxA2k	100.00	100.00	AGB13720.2	stxB2	100.00	100.00
stx2l-O65-1610T27873:127:unpublished:127	stx2l	COMPLETE	99.51	1	1241	+	CAP17609.1	stxA2l	99.38	100.00	CAP17610.1	stxB2	100.00	100.00
stx2l-O8-FHI-1106-1092:98:AM904726:98	stx2l	COMPLETE	100.00	1	1241	+	CAP17609.1	stxA2l	100.00	100.00	CAP17610.1	stxB2	100.00	100.00
stx2m-O96-2001F31428:128:SAMEA6873236:128	stx2m	COMPLETE	100.00	1	1236	+	EET7735230.1	stxA2m	100.00	100.00	EET7735231.1	stxB2m	100.00	100.00
stx2n-O23-2017C-4317:132:SAMN07709929:132	stx2n	COMPLETE	100.00	1	1236	+	WAK53220.1	stxA2n	100.00	100.00	WAK53219.1	stxB2n	100.00	100.00
stx2o-O85-03-3638:133:MZ229604:133	stx2o	COMPLETE	100.00	1	1236	+	QZL10982.1	stxA2o	100.00	100.00	QZL10983.1	stxB2o	100.00	100.00
